	         0 Reset : 1
	         0 t.c_0.a : 0
	         0 t.c_0.r : 0
	         0 _Reset : 0
	        10 t.var_z[6].v.t : 0  [by Reset:=1]
	        10 t.var_z[22].v.t : 0  [by Reset:=1]
	        10 t.var_x[22].v.t : 0  [by Reset:=1]
	        10 t.var_x[21].v.t : 0  [by Reset:=1]
	        10 t.var_z[21].v.t : 0  [by Reset:=1]
	        10 t.var_x[20].v.t : 0  [by Reset:=1]
	        10 t.var_x[19].v.t : 0  [by Reset:=1]
	        10 t.var_z[5].v.t : 0  [by Reset:=1]
	        10 t.var_z[20].v.t : 0  [by Reset:=1]
	        10 t.var_x[18].v.t : 0  [by Reset:=1]
	        10 t.var_x[17].v.t : 0  [by Reset:=1]
	        10 t.var_z[19].v.t : 0  [by Reset:=1]
	        10 t.var_x[16].v.t : 0  [by Reset:=1]
	        10 t.var_x[15].v.t : 0  [by Reset:=1]
	        10 t.var_z[4].v.t : 0  [by Reset:=1]
	        10 t.var_z[18].v.t : 0  [by Reset:=1]
	        10 t.var_x[14].v.t : 0  [by Reset:=1]
	        10 t.var_x[13].v.t : 0  [by Reset:=1]
	        10 t.var_z[17].v.t : 0  [by Reset:=1]
	        10 t.var_x[12].v.t : 0  [by Reset:=1]
	        10 t.var_x[11].v.t : 0  [by Reset:=1]
	        10 t.var_z[3].v.t : 0  [by Reset:=1]
	        10 t.var_z[16].v.t : 0  [by Reset:=1]
	        10 t.var_x[10].v.t : 0  [by Reset:=1]
	        10 t.var_x[9].v.t : 0  [by Reset:=1]
	        10 t.var_z[15].v.t : 0  [by Reset:=1]
	        10 t.var_x[8].v.t : 0  [by Reset:=1]
	        10 t.var_x[7].v.t : 0  [by Reset:=1]
	        10 t.var_z[2].v.t : 0  [by Reset:=1]
	        10 t.var_z[14].v.t : 0  [by Reset:=1]
	        10 t.var_x[6].v.t : 0  [by Reset:=1]
	        10 t.var_x[5].v.t : 0  [by Reset:=1]
	        10 t.var_z[13].v.t : 0  [by Reset:=1]
	        10 t.var_x[4].v.t : 0  [by Reset:=1]
	        10 t.var_x[3].v.t : 0  [by Reset:=1]
	        10 t.var_z[1].v.t : 0  [by Reset:=1]
	        10 t.var_z[12].v.t : 0  [by Reset:=1]
	        10 t.var_x[2].v.t : 0  [by Reset:=1]
	        10 t.var_y[31].v.t : 0  [by Reset:=1]
	        10 t.var_y[30].v.t : 0  [by Reset:=1]
	        10 t.var_y[29].v.t : 0  [by Reset:=1]
	        10 t.var_y[28].v.t : 0  [by Reset:=1]
	        10 t.var_x[1].v.t : 0  [by Reset:=1]
	        10 t.var_y[27].v.t : 0  [by Reset:=1]
	        10 t.var_y[26].v.t : 0  [by Reset:=1]
	        10 t.var_y[25].v.t : 0  [by Reset:=1]
	        10 t.var_y[24].v.t : 0  [by Reset:=1]
	        10 t.var_z[11].v.t : 0  [by Reset:=1]
	        10 t.var_x[0].v.t : 0  [by Reset:=1]
	        10 t.var_y[23].v.t : 0  [by Reset:=1]
	        10 t.var_y[22].v.t : 0  [by Reset:=1]
	        10 t.var_y[21].v.t : 0  [by Reset:=1]
	        10 t.var_y[20].v.t : 0  [by Reset:=1]
	        10 t.var_z[31].v.t : 0  [by Reset:=1]
	        10 t.var_y[19].v.t : 0  [by Reset:=1]
	        10 t.var_y[18].v.t : 0  [by Reset:=1]
	        10 t.var_y[17].v.t : 0  [by Reset:=1]
	        10 t.var_y[16].v.t : 0  [by Reset:=1]
	        10 t.var_z[0].v.t : 0  [by Reset:=1]
	        10 t.var_z[10].v.t : 0  [by Reset:=1]
	        10 t.var_z[30].v.t : 0  [by Reset:=1]
	        10 t.var_y[15].v.t : 0  [by Reset:=1]
	        10 t.var_y[14].v.t : 0  [by Reset:=1]
	        10 t.var_y[13].v.t : 0  [by Reset:=1]
	        10 t.var_y[12].v.t : 0  [by Reset:=1]
	        10 t.var_z[29].v.t : 0  [by Reset:=1]
	        10 t.var_y[11].v.t : 0  [by Reset:=1]
	        10 t.var_y[10].v.t : 0  [by Reset:=1]
	        10 t.var_y[9].v.t : 0  [by Reset:=1]
	        10 t.var_y[8].v.t : 0  [by Reset:=1]
	        10 t.var_z[9].v.t : 0  [by Reset:=1]
	        10 t.var_z[28].v.t : 0  [by Reset:=1]
	        10 t.var_y[7].v.t : 0  [by Reset:=1]
	        10 t.var_y[6].v.t : 0  [by Reset:=1]
	        10 t.var_y[5].v.t : 0  [by Reset:=1]
	        10 t.var_y[4].v.t : 0  [by Reset:=1]
	        10 t.var_z[27].v.t : 0  [by Reset:=1]
	        10 t.var_y[3].v.t : 0  [by Reset:=1]
	        10 t.var_y[2].v.t : 0  [by Reset:=1]
	        10 t.var_x[31].v.t : 0  [by Reset:=1]
	        10 t.var_y[1].v.t : 0  [by Reset:=1]
	        10 t.var_y[0].v.t : 0  [by Reset:=1]
	        10 t.var_z[8].v.t : 0  [by Reset:=1]
	        10 t.var_z[26].v.t : 0  [by Reset:=1]
	        10 t.var_x[30].v.t : 0  [by Reset:=1]
	        10 t.var_x[29].v.t : 0  [by Reset:=1]
	        10 t.var_z[25].v.t : 0  [by Reset:=1]
	        10 t.var_x[28].v.t : 0  [by Reset:=1]
	        10 t.var_x[27].v.t : 0  [by Reset:=1]
	        10 t.var_z[7].v.t : 0  [by Reset:=1]
	        10 t.var_z[24].v.t : 0  [by Reset:=1]
	        10 t.var_x[26].v.t : 0  [by Reset:=1]
	        10 t.var_x[25].v.t : 0  [by Reset:=1]
	        10 t.var_z[23].v.t : 0  [by Reset:=1]
	        10 t.var_x[24].v.t : 0  [by Reset:=1]
	        10 t.var_x[23].v.t : 0  [by Reset:=1]
	        30 t.var_x[22].v.f : 1  [by t.var_x[22].v.t:=0]
	        30 t.var_x[21].v.f : 1  [by t.var_x[21].v.t:=0]
	        30 t.var_x[20].v.f : 1  [by t.var_x[20].v.t:=0]
	        30 t.var_x[19].v.f : 1  [by t.var_x[19].v.t:=0]
	        30 t.var_x[18].v.f : 1  [by t.var_x[18].v.t:=0]
	        30 t.var_x[17].v.f : 1  [by t.var_x[17].v.t:=0]
	        30 t.var_x[16].v.f : 1  [by t.var_x[16].v.t:=0]
	        30 t.var_x[15].v.f : 1  [by t.var_x[15].v.t:=0]
	        30 t.var_x[14].v.f : 1  [by t.var_x[14].v.t:=0]
	        30 t.var_x[13].v.f : 1  [by t.var_x[13].v.t:=0]
	        30 t.var_x[12].v.f : 1  [by t.var_x[12].v.t:=0]
	        30 t.var_x[11].v.f : 1  [by t.var_x[11].v.t:=0]
	        30 t.var_x[10].v.f : 1  [by t.var_x[10].v.t:=0]
	        30 t.var_x[9].v.f : 1  [by t.var_x[9].v.t:=0]
	        30 t.var_x[8].v.f : 1  [by t.var_x[8].v.t:=0]
	        30 t.var_x[7].v.f : 1  [by t.var_x[7].v.t:=0]
	        30 t.var_x[4].v.f : 1  [by t.var_x[4].v.t:=0]
	        30 t.var_x[0].v.f : 1  [by t.var_x[0].v.t:=0]
	        30 t.var_x[5].v.f : 1  [by t.var_x[5].v.t:=0]
	        30 t.var_x[6].v.f : 1  [by t.var_x[6].v.t:=0]
	        30 t.var_x[3].v.f : 1  [by t.var_x[3].v.t:=0]
	        30 t.var_x[2].v.f : 1  [by t.var_x[2].v.t:=0]
	        30 t.var_x[31].v.f : 1  [by t.var_x[31].v.t:=0]
	        30 t.var_x[29].v.f : 1  [by t.var_x[29].v.t:=0]
	        30 t.var_x[1].v.f : 1  [by t.var_x[1].v.t:=0]
	        30 t.var_x[30].v.f : 1  [by t.var_x[30].v.t:=0]
	        30 t.var_x[27].v.f : 1  [by t.var_x[27].v.t:=0]
	        30 t.var_x[28].v.f : 1  [by t.var_x[28].v.t:=0]
	        30 t.var_x[25].v.f : 1  [by t.var_x[25].v.t:=0]
	        30 t.var_x[26].v.f : 1  [by t.var_x[26].v.t:=0]
	        30 t.var_x[23].v.f : 1  [by t.var_x[23].v.t:=0]
	        30 t.var_x[24].v.f : 1  [by t.var_x[24].v.t:=0]
	        50 t.var_y[25].v.f : 1  [by t.s_3[25].in.t:=0]
	        50 t.var_y[31].v.f : 1  [by t.s_3[31].in.t:=0]
	        50 t.var_y[30].v.f : 1  [by t.s_3[30].in.t:=0]
	        50 t.var_z[15].v.f : 1  [by t.s_6[15].in.t:=0]
	        50 t.var_y[12].v.f : 1  [by t.s_3[12].in.t:=0]
	        50 t.var_y[28].v.f : 1  [by t.s_3[28].in.t:=0]
	        50 t.var_z[10].v.f : 1  [by t.s_6[10].in.t:=0]
	        50 t.var_z[9].v.f : 1  [by t.s_6[9].in.t:=0]
	        50 t.var_y[27].v.f : 1  [by t.s_3[27].in.t:=0]
	        50 t.var_z[19].v.f : 1  [by t.s_6[19].in.t:=0]
	        50 t.var_y[23].v.f : 1  [by t.s_3[23].in.t:=0]
	        50 t.var_z[29].v.f : 1  [by t.s_6[29].in.t:=0]
	        50 t.var_z[4].v.f : 1  [by t.s_6[4].in.t:=0]
	        50 t.var_z[0].v.f : 1  [by t.s_6[0].in.t:=0]
	        50 t.var_z[21].v.f : 1  [by t.s_6[21].in.t:=0]
	        50 t.var_y[18].v.f : 1  [by t.s_3[18].in.t:=0]
	        50 t.var_y[2].v.f : 1  [by t.s_3[2].in.t:=0]
	        50 t.var_z[13].v.f : 1  [by t.s_6[13].in.t:=0]
	        50 t.var_y[1].v.f : 1  [by t.s_3[1].in.t:=0]
	        50 t.var_y[21].v.f : 1  [by t.s_3[21].in.t:=0]
	        50 t.var_z[30].v.f : 1  [by t.s_6[30].in.t:=0]
	        50 t.var_y[20].v.f : 1  [by t.s_3[20].in.t:=0]
	        50 t.var_z[25].v.f : 1  [by t.s_6[25].in.t:=0]
	        50 t.var_z[22].v.f : 1  [by t.s_6[22].in.t:=0]
	        50 t.var_y[22].v.f : 1  [by t.s_3[22].in.t:=0]
	        50 t.var_y[15].v.f : 1  [by t.s_3[15].in.t:=0]
	        50 t.var_z[16].v.f : 1  [by t.s_6[16].in.t:=0]
	        50 t.var_z[14].v.f : 1  [by t.s_6[14].in.t:=0]
	        50 t.var_y[3].v.f : 1  [by t.s_3[3].in.t:=0]
	        50 t.var_z[6].v.f : 1  [by t.s_6[6].in.t:=0]
	        50 t.var_y[9].v.f : 1  [by t.s_3[9].in.t:=0]
	        50 t.var_z[7].v.f : 1  [by t.s_6[7].in.t:=0]
	        50 t.var_y[4].v.f : 1  [by t.s_3[4].in.t:=0]
	        50 t.var_z[20].v.f : 1  [by t.s_6[20].in.t:=0]
	        50 t.var_y[5].v.f : 1  [by t.s_3[5].in.t:=0]
	        50 t.var_z[1].v.f : 1  [by t.s_6[1].in.t:=0]
	        50 t.var_z[3].v.f : 1  [by t.s_6[3].in.t:=0]
	        50 t.var_z[12].v.f : 1  [by t.s_6[12].in.t:=0]
	        50 t.var_z[18].v.f : 1  [by t.s_6[18].in.t:=0]
	        50 t.var_y[19].v.f : 1  [by t.s_3[19].in.t:=0]
	        50 t.var_y[26].v.f : 1  [by t.s_3[26].in.t:=0]
	        50 t.var_z[11].v.f : 1  [by t.s_6[11].in.t:=0]
	        50 t.var_y[8].v.f : 1  [by t.s_3[8].in.t:=0]
	        50 t.var_y[7].v.f : 1  [by t.s_3[7].in.t:=0]
	        50 t.var_y[10].v.f : 1  [by t.s_3[10].in.t:=0]
	        50 t.var_z[8].v.f : 1  [by t.s_6[8].in.t:=0]
	        50 t.var_z[24].v.f : 1  [by t.s_6[24].in.t:=0]
	        50 t.var_z[17].v.f : 1  [by t.s_6[17].in.t:=0]
	        50 t.var_y[13].v.f : 1  [by t.s_3[13].in.t:=0]
	        50 t.var_z[26].v.f : 1  [by t.s_6[26].in.t:=0]
	        50 t.var_z[31].v.f : 1  [by t.s_6[31].in.t:=0]
	        50 t.var_z[28].v.f : 1  [by t.s_6[28].in.t:=0]
	        50 t.var_z[2].v.f : 1  [by t.s_6[2].in.t:=0]
	        50 t.var_z[5].v.f : 1  [by t.s_6[5].in.t:=0]
	        50 t.var_y[11].v.f : 1  [by t.s_3[11].in.t:=0]
	        50 t.var_y[14].v.f : 1  [by t.s_3[14].in.t:=0]
	        50 t.var_y[17].v.f : 1  [by t.s_3[17].in.t:=0]
	        50 t.var_y[24].v.f : 1  [by t.s_3[24].in.t:=0]
	        50 t.var_y[0].v.f : 1  [by t.s_3[0].in.t:=0]
	        50 t.var_y[6].v.f : 1  [by t.s_3[6].in.t:=0]
	        50 t.var_y[16].v.f : 1  [by t.s_3[16].in.t:=0]
	        50 t.var_z[23].v.f : 1  [by t.s_6[23].in.t:=0]
	        50 t.var_y[29].v.f : 1  [by t.s_3[29].in.t:=0]
	        50 t.var_z[27].v.f : 1  [by t.s_6[27].in.t:=0]
	       140 Reset : 0
	       140 _Reset : 1
	       140 t.c_0.r : 1
	       480 t.var_x[16].v.f : 0  [by t.s_0[16].in.t:=1]
	       480 t.var_x[25].v.f : 0  [by t.s_0[25].in.t:=1]
	       480 t.var_x[18].v.f : 0  [by t.s_0[18].in.t:=1]
	       480 t.var_x[4].v.f : 0  [by t.s_0[4].in.t:=1]
	       480 t.var_x[26].v.f : 0  [by t.s_0[26].in.t:=1]
	       480 t.var_x[19].v.f : 0  [by t.s_0[19].in.t:=1]
	       480 t.var_x[10].v.f : 0  [by t.s_0[10].in.t:=1]
	       480 t.var_x[30].v.f : 0  [by t.s_0[30].in.t:=1]
	       480 t.var_x[21].v.f : 0  [by t.s_0[21].in.t:=1]
	       480 t.var_x[9].v.f : 0  [by t.s_0[9].in.t:=1]
	       480 t.var_x[27].v.f : 0  [by t.s_0[27].in.t:=1]
	       480 t.var_x[14].v.f : 0  [by t.s_0[14].in.t:=1]
	       480 t.var_x[12].v.f : 0  [by t.s_0[12].in.t:=1]
	       500 t.var_x[10].v.t : 1  [by t.var_x[10].v.f:=0]
	       500 t.var_x[12].v.t : 1  [by t.var_x[12].v.f:=0]
	       500 t.var_x[14].v.t : 1  [by t.var_x[14].v.f:=0]
	       500 t.var_x[18].v.t : 1  [by t.var_x[18].v.f:=0]
	       500 t.var_x[25].v.t : 1  [by t.var_x[25].v.f:=0]
	       500 t.var_x[16].v.t : 1  [by t.var_x[16].v.f:=0]
	       500 t.var_x[4].v.t : 1  [by t.var_x[4].v.f:=0]
	       500 t.var_x[21].v.t : 1  [by t.var_x[21].v.f:=0]
	       500 t.var_x[19].v.t : 1  [by t.var_x[19].v.f:=0]
	       500 t.var_x[30].v.t : 1  [by t.var_x[30].v.f:=0]
	       500 t.var_x[27].v.t : 1  [by t.var_x[27].v.f:=0]
	       500 t.var_x[9].v.t : 1  [by t.var_x[9].v.f:=0]
	       500 t.var_x[26].v.t : 1  [by t.var_x[26].v.f:=0]
	       920 t.var_y[28].v.f : 0  [by t.s_3[28].in.t:=1]
	       920 t.var_y[0].v.f : 0  [by t.s_3[0].in.t:=1]
	       920 t.var_y[16].v.f : 0  [by t.s_3[16].in.t:=1]
	       920 t.var_y[2].v.f : 0  [by t.s_3[2].in.t:=1]
	       920 t.var_y[3].v.f : 0  [by t.s_3[3].in.t:=1]
	       920 t.var_y[17].v.f : 0  [by t.s_3[17].in.t:=1]
	       920 t.var_y[1].v.f : 0  [by t.s_3[1].in.t:=1]
	       920 t.var_y[8].v.f : 0  [by t.s_3[8].in.t:=1]
	       920 t.var_y[24].v.f : 0  [by t.s_3[24].in.t:=1]
	       920 t.var_y[26].v.f : 0  [by t.s_3[26].in.t:=1]
	       920 t.var_y[10].v.f : 0  [by t.s_3[10].in.t:=1]
	       920 t.var_y[11].v.f : 0  [by t.s_3[11].in.t:=1]
	       920 t.var_y[9].v.f : 0  [by t.s_3[9].in.t:=1]
	       920 t.var_y[22].v.f : 0  [by t.s_3[22].in.t:=1]
	       920 t.var_y[14].v.f : 0  [by t.s_3[14].in.t:=1]
	       940 t.var_y[8].v.t : 1  [by t.var_y[8].v.f:=0]
	       940 t.var_y[3].v.t : 1  [by t.var_y[3].v.f:=0]
	       940 t.var_y[0].v.t : 1  [by t.var_y[0].v.f:=0]
	       940 t.var_y[14].v.t : 1  [by t.var_y[14].v.f:=0]
	       940 t.var_y[16].v.t : 1  [by t.var_y[16].v.f:=0]
	       940 t.var_y[2].v.t : 1  [by t.var_y[2].v.f:=0]
	       940 t.var_y[28].v.t : 1  [by t.var_y[28].v.f:=0]
	       940 t.var_y[1].v.t : 1  [by t.var_y[1].v.f:=0]
	       940 t.var_y[22].v.t : 1  [by t.var_y[22].v.f:=0]
	       940 t.var_y[26].v.t : 1  [by t.var_y[26].v.f:=0]
	       940 t.var_y[24].v.t : 1  [by t.var_y[24].v.f:=0]
	       940 t.var_y[9].v.t : 1  [by t.var_y[9].v.f:=0]
	       940 t.var_y[10].v.t : 1  [by t.var_y[10].v.f:=0]
	       940 t.var_y[11].v.t : 1  [by t.var_y[11].v.f:=0]
	       940 t.var_y[17].v.t : 1  [by t.var_y[17].v.f:=0]
	      2040 t.var_z[5].v.f : 0  [by t.s_6[5].in.t:=1]
	      2040 t.var_z[0].v.f : 0  [by t.s_6[0].in.t:=1]
	      2040 t.var_z[20].v.f : 0  [by t.s_6[20].in.t:=1]
	      2040 t.var_z[15].v.f : 0  [by t.s_6[15].in.t:=1]
	      2040 t.var_z[16].v.f : 0  [by t.s_6[16].in.t:=1]
	      2040 t.var_z[31].v.f : 0  [by t.s_6[31].in.t:=1]
	      2040 t.var_z[2].v.f : 0  [by t.s_6[2].in.t:=1]
	      2040 t.var_z[3].v.f : 0  [by t.s_6[3].in.t:=1]
	      2040 t.var_z[1].v.f : 0  [by t.s_6[1].in.t:=1]
	      2040 t.var_z[25].v.f : 0  [by t.s_6[25].in.t:=1]
	      2040 t.var_z[18].v.f : 0  [by t.s_6[18].in.t:=1]
	      2040 t.var_z[6].v.f : 0  [by t.s_6[6].in.t:=1]
	      2040 t.var_z[4].v.f : 0  [by t.s_6[4].in.t:=1]
	      2040 t.var_z[13].v.f : 0  [by t.s_6[13].in.t:=1]
	      2040 t.var_z[24].v.f : 0  [by t.s_6[24].in.t:=1]
	      2040 t.var_z[26].v.f : 0  [by t.s_6[26].in.t:=1]
	      2040 t.var_z[7].v.f : 0  [by t.s_6[7].in.t:=1]
	      2040 t.var_z[30].v.f : 0  [by t.s_6[30].in.t:=1]
	      2040 t.var_z[11].v.f : 0  [by t.s_6[11].in.t:=1]
	      2040 t.var_z[14].v.f : 0  [by t.s_6[14].in.t:=1]
	      2040 t.var_z[12].v.f : 0  [by t.s_6[12].in.t:=1]
	      2060 t.var_z[1].v.t : 1  [by t.var_z[1].v.f:=0]
	      2060 t.var_z[16].v.t : 1  [by t.var_z[16].v.f:=0]
	      2060 t.var_z[14].v.t : 1  [by t.var_z[14].v.f:=0]
	      2060 t.var_z[18].v.t : 1  [by t.var_z[18].v.f:=0]
	      2060 t.var_z[15].v.t : 1  [by t.var_z[15].v.f:=0]
	      2060 t.var_z[5].v.t : 1  [by t.var_z[5].v.f:=0]
	      2060 t.var_z[25].v.t : 1  [by t.var_z[25].v.f:=0]
	      2060 t.var_z[12].v.t : 1  [by t.var_z[12].v.f:=0]
	      2060 t.var_z[3].v.t : 1  [by t.var_z[3].v.f:=0]
	      2060 t.var_z[0].v.t : 1  [by t.var_z[0].v.f:=0]
	      2060 t.var_z[13].v.t : 1  [by t.var_z[13].v.f:=0]
	      2060 t.var_z[6].v.t : 1  [by t.var_z[6].v.f:=0]
	      2060 t.var_z[4].v.t : 1  [by t.var_z[4].v.f:=0]
	      2060 t.var_z[26].v.t : 1  [by t.var_z[26].v.f:=0]
	      2060 t.var_z[24].v.t : 1  [by t.var_z[24].v.f:=0]
	      2060 t.var_z[2].v.t : 1  [by t.var_z[2].v.f:=0]
	      2060 t.var_z[7].v.t : 1  [by t.var_z[7].v.f:=0]
	      2060 t.var_z[30].v.t : 1  [by t.var_z[30].v.f:=0]
	      2060 t.var_z[31].v.t : 1  [by t.var_z[31].v.f:=0]
	      2060 t.var_z[11].v.t : 1  [by t.var_z[11].v.f:=0]
	      2060 t.var_z[20].v.t : 1  [by t.var_z[20].v.f:=0]
	      2140 t.c_0.a : 1  [by t.ct_6.l._out:=0]
