	         0 Reset : 1
	         0 t.go.a : 0
	         0 t.go.r : 0
	         0 _Reset : 0
	        10 t.var_x.v.t : 0  [by Reset:=1]
	        50 t.var_x.v.f : 1  [by t.s_49.in.t:=0]
	       370 Reset : 0
	       370 _Reset : 1
	       370 t.go.r : 1
	       790 t.var_x.v.f : 0  [by t.e_2.out.t:=1]
	       810 t.var_x.v.t : 1  [by t.var_x.v.f:=0]
	      1040 t.var_x.v.t : 0  [by t.e_4.out.f:=1]
	      1060 t.var_x.v.f : 1  [by t.var_x.v.t:=0]
	      1360 t.var_x.v.f : 0  [by t.e_6.out.t:=1]
	      1380 t.var_x.v.t : 1  [by t.var_x.v.f:=0]
	      1650 t.var_x.v.t : 0  [by t.e_8.out.f:=1]
	      1670 t.var_x.v.f : 1  [by t.var_x.v.t:=0]
	      1970 t.var_x.v.f : 0  [by t.s_28.in.t:=1]
	      1990 t.var_x.v.t : 1  [by t.var_x.v.f:=0]
	      2260 t.var_x.v.t : 0  [by t.s_31.in.f:=1]
	      2280 t.var_x.v.f : 1  [by t.var_x.v.t:=0]
	      2580 t.var_x.v.f : 0  [by t.s_34.in.t:=1]
	      2600 t.var_x.v.t : 1  [by t.var_x.v.f:=0]
	      2870 t.var_x.v.t : 0  [by t.s_37.in.f:=1]
	      2890 t.var_x.v.f : 1  [by t.var_x.v.t:=0]
	      3190 t.var_x.v.f : 0  [by t.s_40.in.t:=1]
	      3210 t.var_x.v.t : 1  [by t.var_x.v.f:=0]
	      3480 t.var_x.v.t : 0  [by t.s_43.in.f:=1]
	      3500 t.var_x.v.f : 1  [by t.var_x.v.t:=0]
	      3800 t.var_x.v.f : 0  [by t.s_46.in.t:=1]
	      3820 t.var_x.v.t : 1  [by t.var_x.v.f:=0]
	      4090 t.var_x.v.t : 0  [by t.s_49.in.f:=1]
	      4110 t.var_x.v.f : 1  [by t.var_x.v.t:=0]
	      4410 t.var_x.v.f : 0  [by t.s_52.in.t:=1]
	      4430 t.var_x.v.t : 1  [by t.var_x.v.f:=0]
	      4700 t.var_x.v.t : 0  [by t.s_55.in.f:=1]
	      4720 t.var_x.v.f : 1  [by t.var_x.v.t:=0]
	      5020 t.var_x.v.f : 0  [by t.s_58.in.t:=1]
	      5040 t.var_x.v.t : 1  [by t.var_x.v.f:=0]
	      5310 t.var_x.v.t : 0  [by t.s_61.in.f:=1]
	      5330 t.var_x.v.f : 1  [by t.var_x.v.t:=0]
	      5630 t.var_x.v.f : 0  [by t.s_64.in.t:=1]
	      5650 t.var_x.v.t : 1  [by t.var_x.v.f:=0]
	      5670 t.go.a : 1  [by t.s_64._goa:=0]
