	         0 Reset : 1
	         0 t.go.a : 0
	         0 t.go.r : 0
	         0 _Reset : 0
	        10 t.var_x.v.t : 0  [by Reset:=1]
	        30 t.var_x.v.f : 1  [by t.var_x.v.t:=0]
	        40 Reset : 0
	        40 _Reset : 1
	        40 t.go.r : 1
	       220 t.var_x.v.f : 0  [by t.s_3.in.t:=1]
	       240 t.var_x.v.t : 1  [by t.var_x.v.f:=0]
	       260 t.go.a : 1  [by t.s_3._goa:=0]
