	         0 Reset : 1
	         0 t.c_0.a : 0
	         0 t.c_0.r : 0
	         0 _Reset : 0
	        10 t.var_z[2].v.t : 0  [by Reset:=1]
	        10 t.var_x[2].v.t : 0  [by Reset:=1]
	        10 t.var_x[1].v.t : 0  [by Reset:=1]
	        10 t.var_z[1].v.t : 0  [by Reset:=1]
	        10 t.var_x[0].v.t : 0  [by Reset:=1]
	        10 t.var_z[7].v.t : 0  [by Reset:=1]
	        10 t.var_z[0].v.t : 0  [by Reset:=1]
	        10 t.var_z[6].v.t : 0  [by Reset:=1]
	        10 t.var_y[7].v.t : 0  [by Reset:=1]
	        10 t.var_y[6].v.t : 0  [by Reset:=1]
	        10 t.var_z[5].v.t : 0  [by Reset:=1]
	        10 t.var_y[5].v.t : 0  [by Reset:=1]
	        10 t.var_y[4].v.t : 0  [by Reset:=1]
	        10 t.var_x[7].v.t : 0  [by Reset:=1]
	        10 t.var_y[3].v.t : 0  [by Reset:=1]
	        10 t.var_y[2].v.t : 0  [by Reset:=1]
	        10 t.var_z[4].v.t : 0  [by Reset:=1]
	        10 t.var_x[6].v.t : 0  [by Reset:=1]
	        10 t.var_y[1].v.t : 0  [by Reset:=1]
	        10 t.var_y[0].v.t : 0  [by Reset:=1]
	        10 t.var_x[5].v.t : 0  [by Reset:=1]
	        10 t.var_z[3].v.t : 0  [by Reset:=1]
	        10 t.var_x[4].v.t : 0  [by Reset:=1]
	        10 t.var_x[3].v.t : 0  [by Reset:=1]
	        30 t.var_x[2].v.f : 1  [by t.var_x[2].v.t:=0]
	        30 t.var_x[1].v.f : 1  [by t.var_x[1].v.t:=0]
	        30 t.var_x[0].v.f : 1  [by t.var_x[0].v.t:=0]
	        30 t.var_x[7].v.f : 1  [by t.var_x[7].v.t:=0]
	        30 t.var_x[6].v.f : 1  [by t.var_x[6].v.t:=0]
	        30 t.var_x[5].v.f : 1  [by t.var_x[5].v.t:=0]
	        30 t.var_x[4].v.f : 1  [by t.var_x[4].v.t:=0]
	        30 t.var_x[3].v.f : 1  [by t.var_x[3].v.t:=0]
	        50 t.var_z[7].v.f : 1  [by t.s_6[7].in.t:=0]
	        50 t.var_y[1].v.f : 1  [by t.s_3[1].in.t:=0]
	        50 t.var_y[2].v.f : 1  [by t.s_3[2].in.t:=0]
	        50 t.var_z[3].v.f : 1  [by t.s_6[3].in.t:=0]
	        50 t.var_y[4].v.f : 1  [by t.s_3[4].in.t:=0]
	        50 t.var_y[3].v.f : 1  [by t.s_3[3].in.t:=0]
	        50 t.var_z[1].v.f : 1  [by t.s_6[1].in.t:=0]
	        50 t.var_y[6].v.f : 1  [by t.s_3[6].in.t:=0]
	        50 t.var_z[5].v.f : 1  [by t.s_6[5].in.t:=0]
	        50 t.var_y[7].v.f : 1  [by t.s_3[7].in.t:=0]
	        50 t.var_z[4].v.f : 1  [by t.s_6[4].in.t:=0]
	        50 t.var_z[6].v.f : 1  [by t.s_6[6].in.t:=0]
	        50 t.var_y[0].v.f : 1  [by t.s_3[0].in.t:=0]
	        50 t.var_z[2].v.f : 1  [by t.s_6[2].in.t:=0]
	        50 t.var_z[0].v.f : 1  [by t.s_6[0].in.t:=0]
	        50 t.var_y[5].v.f : 1  [by t.s_3[5].in.t:=0]
	       120 Reset : 0
	       120 _Reset : 1
	       120 t.c_0.r : 1
	       420 t.var_x[2].v.f : 0  [by t.s_0[2].in.t:=1]
	       420 t.var_x[5].v.f : 0  [by t.s_0[5].in.t:=1]
	       420 t.var_x[3].v.f : 0  [by t.s_0[3].in.t:=1]
	       420 t.var_x[4].v.f : 0  [by t.s_0[4].in.t:=1]
	       440 t.var_x[2].v.t : 1  [by t.var_x[2].v.f:=0]
	       440 t.var_x[4].v.t : 1  [by t.var_x[4].v.f:=0]
	       440 t.var_x[3].v.t : 1  [by t.var_x[3].v.f:=0]
	       440 t.var_x[5].v.t : 1  [by t.var_x[5].v.f:=0]
	       800 t.var_y[4].v.f : 0  [by t.s_3[4].in.t:=1]
	       800 t.var_y[0].v.f : 0  [by t.s_3[0].in.t:=1]
	       820 t.var_y[0].v.t : 1  [by t.var_y[0].v.f:=0]
	       820 t.var_y[4].v.t : 1  [by t.var_y[4].v.f:=0]
	      1340 t.var_z[2].v.f : 0  [by t.s_6[2].in.t:=1]
	      1340 t.var_z[3].v.f : 0  [by t.s_6[3].in.t:=1]
	      1340 t.var_z[6].v.f : 0  [by t.s_6[6].in.t:=1]
	      1340 t.var_z[0].v.f : 0  [by t.s_6[0].in.t:=1]
	      1360 t.var_z[3].v.t : 1  [by t.var_z[3].v.f:=0]
	      1360 t.var_z[0].v.t : 1  [by t.var_z[0].v.f:=0]
	      1360 t.var_z[2].v.t : 1  [by t.var_z[2].v.f:=0]
	      1360 t.var_z[6].v.t : 1  [by t.var_z[6].v.f:=0]
	      1420 t.c_0.a : 1  [by t.ct_6.l._out:=0]
