	         0 Reset : 1
	         0 t.go.a : 0
	         0 t.go.r : 0
	         0 _Reset : 0
	        10 t.var_x.v.t : 0  [by Reset:=1]
	        10 t.var_v.v.t : 0  [by Reset:=1]
	        10 t.var_z.v.t : 0  [by Reset:=1]
	        10 t.var_y.v.t : 0  [by Reset:=1]
	        30 t.var_v.v.f : 1  [by t.c_6.a:=0]
	        30 t.var_z.v.f : 1  [by t.var_z.v.t:=0]
	        30 t.var_y.v.f : 1  [by t.var_y.v.t:=0]
	        50 t.var_x.v.f : 1  [by t.s_13.in.t:=0]
	        80 Reset : 0
	        80 _Reset : 1
	        80 t.go.r : 1
	       200 t.var_x.v.f : 0  [by t.s_1.in.t:=1]
	       220 t.var_x.v.t : 1  [by t.var_x.v.f:=0]
	       420 t.var_z.v.f : 0  [by t.s_7.in.t:=1]
	       440 t.var_z.v.t : 1  [by t.var_z.v.f:=0]
	       600 t.var_v.v.f : 0  [by t.s_10.in.t:=1]
	       620 t.var_v.v.t : 1  [by t.var_v.v.f:=0]
	      1130 t.var_x.v.t : 0  [by t.s_13.in.f:=1]
	      1150 t.var_x.v.f : 1  [by t.var_x.v.t:=0]
	      1170 t.go.a : 1  [by t.s_13._goa:=0]
