	         0 Reset : 1
	         0 t.go.a : 0
	         0 t.go.r : 0
	         0 _Reset : 0
	        10 t.var_w.v.t : 0  [by Reset:=1]
	        10 t.var_b.v.t : 0  [by Reset:=1]
	        10 t.var_a.v.t : 0  [by Reset:=1]
	        10 t.var_x.v.t : 0  [by Reset:=1]
	        10 t.var_z.v.t : 0  [by Reset:=1]
	        10 t.var_c.v.t : 0  [by Reset:=1]
	        10 t.var_y.v.t : 0  [by Reset:=1]
	        10 t.var_d.v.t : 0  [by Reset:=1]
	        30 t.var_a.v.f : 1  [by t.c_73.a:=0]
	        30 t.var_y.v.f : 1  [by t.c_82.a:=0]
	        50 t.var_w.v.f : 1  [by t.e_88.out.t:=0]
	        50 t.var_b.v.f : 1  [by t.e_76.out.t:=0]
	        50 t.var_x.v.f : 1  [by t.s_31.in.t:=0]
	        50 t.var_d.v.f : 1  [by t.s_52.in.t:=0]
	        50 t.var_z.v.f : 1  [by t.e_70.out.t:=0]
	        50 t.var_c.v.f : 1  [by t.s_73.in.t:=0]
	       190 Reset : 0
	       190 _Reset : 1
	       190 t.go.r : 1
	       430 t.var_x.v.f : 0  [by t.s_7.in.t:=1]
	       450 t.var_x.v.t : 1  [by t.var_x.v.f:=0]
	       570 t.var_y.v.f : 0  [by t.e_4.out.t:=1]
	       590 t.var_y.v.t : 1  [by t.var_y.v.f:=0]
	       710 t.var_z.v.f : 0  [by t.e_6.out.t:=1]
	       730 t.var_z.v.t : 1  [by t.var_z.v.f:=0]
	       850 t.var_w.v.f : 0  [by t.e_8.out.t:=1]
	       870 t.var_w.v.t : 1  [by t.var_w.v.f:=0]
	       990 t.var_a.v.f : 0  [by t.s_19.in.t:=1]
	      1010 t.var_a.v.t : 1  [by t.var_a.v.f:=0]
	      1130 t.var_b.v.f : 0  [by t.s_22.in.t:=1]
	      1150 t.var_b.v.t : 1  [by t.var_b.v.f:=0]
	      1270 t.var_c.v.f : 0  [by t.s_25.in.t:=1]
	      1290 t.var_c.v.t : 1  [by t.var_c.v.f:=0]
	      1410 t.var_d.v.f : 0  [by t.s_28.in.t:=1]
	      1430 t.var_d.v.t : 1  [by t.var_d.v.f:=0]
	      2220 t.var_x.v.t : 0  [by t.s_31.in.f:=1]
	      2240 t.var_x.v.f : 1  [by t.var_x.v.t:=0]
	      2330 t.var_y.v.t : 0  [by t.s_34.in.f:=1]
	      2350 t.var_y.v.f : 1  [by t.var_y.v.t:=0]
	      2440 t.var_z.v.t : 0  [by t.s_37.in.f:=1]
	      2460 t.var_z.v.f : 1  [by t.var_z.v.t:=0]
	      2550 t.var_w.v.t : 0  [by t.s_40.in.f:=1]
	      2570 t.var_w.v.f : 1  [by t.var_w.v.t:=0]
	      2660 t.var_a.v.t : 0  [by t.s_43.in.f:=1]
	      2680 t.var_a.v.f : 1  [by t.var_a.v.t:=0]
	      2770 t.var_b.v.t : 0  [by t.s_46.in.f:=1]
	      2790 t.var_b.v.f : 1  [by t.var_b.v.t:=0]
	      2880 t.var_c.v.t : 0  [by t.s_49.in.f:=1]
	      2900 t.var_c.v.f : 1  [by t.var_c.v.t:=0]
	      3650 t.var_d.v.t : 0  [by t.s_52.in.f:=1]
	      3670 t.var_d.v.f : 1  [by t.var_d.v.t:=0]
	      3790 t.var_x.v.f : 0  [by t.s_55.in.t:=1]
	      3810 t.var_x.v.t : 1  [by t.var_x.v.f:=0]
	      3930 t.var_y.v.f : 0  [by t.s_58.in.t:=1]
	      3950 t.var_y.v.t : 1  [by t.var_y.v.f:=0]
	      4070 t.var_z.v.f : 0  [by t.s_61.in.t:=1]
	      4090 t.var_z.v.t : 1  [by t.var_z.v.f:=0]
	      4210 t.var_w.v.f : 0  [by t.s_64.in.t:=1]
	      4230 t.var_w.v.t : 1  [by t.var_w.v.f:=0]
	      4350 t.var_a.v.f : 0  [by t.s_67.in.t:=1]
	      4370 t.var_a.v.t : 1  [by t.var_a.v.f:=0]
	      4490 t.var_b.v.f : 0  [by t.s_70.in.t:=1]
	      4510 t.var_b.v.t : 1  [by t.var_b.v.f:=0]
	      5290 t.var_c.v.f : 0  [by t.s_73.in.t:=1]
	      5310 t.var_c.v.t : 1  [by t.var_c.v.f:=0]
	      5430 t.var_d.v.f : 0  [by t.s_76.in.t:=1]
	      5450 t.var_d.v.t : 1  [by t.var_d.v.f:=0]
	      5540 t.var_x.v.t : 0  [by t.s_79.in.f:=1]
	      5560 t.var_x.v.f : 1  [by t.var_x.v.t:=0]
	      5650 t.var_y.v.t : 0  [by t.s_82.in.f:=1]
	      5670 t.var_y.v.f : 1  [by t.var_y.v.t:=0]
	      6180 t.var_z.v.t : 0  [by t.s_85.in.f:=1]
	      6200 t.var_z.v.f : 1  [by t.var_z.v.t:=0]
	      6290 t.var_w.v.t : 0  [by t.s_88.in.f:=1]
	      6310 t.var_w.v.f : 1  [by t.var_w.v.t:=0]
	      6400 t.var_a.v.t : 0  [by t.s_91.in.f:=1]
	      6420 t.var_a.v.f : 1  [by t.var_a.v.t:=0]
	      6510 t.var_b.v.t : 0  [by t.s_94.in.f:=1]
	      6530 t.var_b.v.f : 1  [by t.var_b.v.t:=0]
	      6620 t.var_c.v.t : 0  [by t.s_97.in.f:=1]
	      6640 t.var_c.v.f : 1  [by t.var_c.v.t:=0]
	      6730 t.var_d.v.t : 0  [by t.e_64.out.f:=1]
	      6750 t.var_d.v.f : 1  [by t.var_d.v.t:=0]
	      6870 t.var_x.v.f : 0  [by t.e_66.out.t:=1]
	      6890 t.var_x.v.t : 1  [by t.var_x.v.f:=0]
	      7010 t.var_y.v.f : 0  [by t.e_68.out.t:=1]
	      7030 t.var_y.v.t : 1  [by t.var_y.v.f:=0]
	      7890 t.var_z.v.f : 0  [by t.e_70.out.t:=1]
	      7910 t.var_z.v.t : 1  [by t.var_z.v.f:=0]
	      8030 t.var_w.v.f : 0  [by t.e_72.out.t:=1]
	      8050 t.var_w.v.t : 1  [by t.var_w.v.f:=0]
	      8170 t.var_a.v.f : 0  [by t.e_74.out.t:=1]
	      8190 t.var_a.v.t : 1  [by t.var_a.v.f:=0]
	      8650 t.var_b.v.f : 0  [by t.e_76.out.t:=1]
	      8670 t.var_b.v.t : 1  [by t.var_b.v.f:=0]
	      8790 t.var_c.v.f : 0  [by t.e_78.out.t:=1]
	      8810 t.var_c.v.t : 1  [by t.var_c.v.f:=0]
	      8930 t.var_d.v.f : 0  [by t.e_80.out.t:=1]
	      8950 t.var_d.v.t : 1  [by t.var_d.v.f:=0]
	      9040 t.var_x.v.t : 0  [by t.e_82.out.f:=1]
	      9060 t.var_x.v.f : 1  [by t.var_x.v.t:=0]
	      9150 t.var_y.v.t : 0  [by t.e_84.out.f:=1]
	      9170 t.var_y.v.f : 1  [by t.var_y.v.t:=0]
	      9260 t.var_z.v.t : 0  [by t.e_86.out.f:=1]
	      9280 t.var_z.v.f : 1  [by t.var_z.v.t:=0]
	      9950 t.var_w.v.t : 0  [by t.e_88.out.f:=1]
	      9970 t.var_w.v.f : 1  [by t.var_w.v.t:=0]
	     10060 t.var_a.v.t : 0  [by t.e_90.out.f:=1]
	     10080 t.var_a.v.f : 1  [by t.var_a.v.t:=0]
	     10170 t.var_b.v.t : 0  [by t.e_92.out.f:=1]
	     10190 t.var_b.v.f : 1  [by t.var_b.v.t:=0]
	     10280 t.var_c.v.t : 0  [by t.e_94.out.f:=1]
	     10300 t.var_c.v.f : 1  [by t.var_c.v.t:=0]
	     10390 t.var_d.v.t : 0  [by t.e_96.out.f:=1]
	     10410 t.var_d.v.f : 1  [by t.var_d.v.t:=0]
	     10430 t.go.a : 1  [by t.s_148._goa:=0]
