	         0 Reset : 1
	         0 t.go.a : 0
	         0 t.go.r : 0
	         0 _Reset : 0
	        10 t.var_x.v.t : 0  [by Reset:=1]
	        50 t.var_x.v.f : 1  [by t.s_4.in.t:=0]
	        80 Reset : 0
	        80 _Reset : 1
	        80 t.go.r : 1
	       200 t.var_x.v.f : 0  [by t.s_1.in.t:=1]
	       220 t.var_x.v.t : 1  [by t.var_x.v.f:=0]
	       450 t.var_x.v.t : 0  [by t.s_4.in.f:=1]
	       470 t.var_x.v.f : 1  [by t.var_x.v.t:=0]
	       490 t.go.a : 1  [by t.s_4._goa:=0]
