	         0 Reset : 1
	         0 t.go.a : 0
	         0 t.go.r : 0
	         0 _Reset : 0
	        10 t.var_x.v.t : 0  [by Reset:=1]
	        50 t.var_x.v.f : 1  [by t.e_48.out.t:=0]
	       690 Reset : 0
	       690 _Reset : 1
	       690 t.go.r : 1
	      1430 t.var_x.v.f : 0  [by t.e_2.out.t:=1]
	      1450 t.var_x.v.t : 1  [by t.var_x.v.f:=0]
	      1680 t.var_x.v.t : 0  [by t.e_4.out.f:=1]
	      1700 t.var_x.v.f : 1  [by t.var_x.v.t:=0]
	      2000 t.var_x.v.f : 0  [by t.e_6.out.t:=1]
	      2020 t.var_x.v.t : 1  [by t.var_x.v.f:=0]
	      2290 t.var_x.v.t : 0  [by t.e_8.out.f:=1]
	      2310 t.var_x.v.f : 1  [by t.var_x.v.t:=0]
	      2610 t.var_x.v.f : 0  [by t.s_44.in.t:=1]
	      2630 t.var_x.v.t : 1  [by t.var_x.v.f:=0]
	      2900 t.var_x.v.t : 0  [by t.s_47.in.f:=1]
	      2920 t.var_x.v.f : 1  [by t.var_x.v.t:=0]
	      3220 t.var_x.v.f : 0  [by t.s_50.in.t:=1]
	      3240 t.var_x.v.t : 1  [by t.var_x.v.f:=0]
	      3510 t.var_x.v.t : 0  [by t.s_53.in.f:=1]
	      3530 t.var_x.v.f : 1  [by t.var_x.v.t:=0]
	      3830 t.var_x.v.f : 0  [by t.s_56.in.t:=1]
	      3850 t.var_x.v.t : 1  [by t.var_x.v.f:=0]
	      4120 t.var_x.v.t : 0  [by t.s_59.in.f:=1]
	      4140 t.var_x.v.f : 1  [by t.var_x.v.t:=0]
	      4440 t.var_x.v.f : 0  [by t.s_62.in.t:=1]
	      4460 t.var_x.v.t : 1  [by t.var_x.v.f:=0]
	      4730 t.var_x.v.t : 0  [by t.s_65.in.f:=1]
	      4750 t.var_x.v.f : 1  [by t.var_x.v.t:=0]
	      5050 t.var_x.v.f : 0  [by t.s_68.in.t:=1]
	      5070 t.var_x.v.t : 1  [by t.var_x.v.f:=0]
	      5340 t.var_x.v.t : 0  [by t.s_71.in.f:=1]
	      5360 t.var_x.v.f : 1  [by t.var_x.v.t:=0]
	      5660 t.var_x.v.f : 0  [by t.s_74.in.t:=1]
	      5680 t.var_x.v.t : 1  [by t.var_x.v.f:=0]
	      5950 t.var_x.v.t : 0  [by t.s_77.in.f:=1]
	      5970 t.var_x.v.f : 1  [by t.var_x.v.t:=0]
	      6270 t.var_x.v.f : 0  [by t.s_80.in.t:=1]
	      6290 t.var_x.v.t : 1  [by t.var_x.v.f:=0]
	      6560 t.var_x.v.t : 0  [by t.s_83.in.f:=1]
	      6580 t.var_x.v.f : 1  [by t.var_x.v.t:=0]
	      6880 t.var_x.v.f : 0  [by t.s_86.in.t:=1]
	      6900 t.var_x.v.t : 1  [by t.var_x.v.f:=0]
	      7170 t.var_x.v.t : 0  [by t.s_89.in.f:=1]
	      7190 t.var_x.v.f : 1  [by t.var_x.v.t:=0]
	      7490 t.var_x.v.f : 0  [by t.s_92.in.t:=1]
	      7510 t.var_x.v.t : 1  [by t.var_x.v.f:=0]
	      7780 t.var_x.v.t : 0  [by t.s_95.in.f:=1]
	      7800 t.var_x.v.f : 1  [by t.var_x.v.t:=0]
	      8100 t.var_x.v.f : 0  [by t.s_98.in.t:=1]
	      8120 t.var_x.v.t : 1  [by t.var_x.v.f:=0]
	      8390 t.var_x.v.t : 0  [by t.e_48.out.f:=1]
	      8410 t.var_x.v.f : 1  [by t.var_x.v.t:=0]
	      8710 t.var_x.v.f : 0  [by t.e_50.out.t:=1]
	      8730 t.var_x.v.t : 1  [by t.var_x.v.f:=0]
	      9000 t.var_x.v.t : 0  [by t.e_52.out.f:=1]
	      9020 t.var_x.v.f : 1  [by t.var_x.v.t:=0]
	      9320 t.var_x.v.f : 0  [by t.e_54.out.t:=1]
	      9340 t.var_x.v.t : 1  [by t.var_x.v.f:=0]
	      9610 t.var_x.v.t : 0  [by t.e_56.out.f:=1]
	      9630 t.var_x.v.f : 1  [by t.var_x.v.t:=0]
	      9930 t.var_x.v.f : 0  [by t.e_58.out.t:=1]
	      9950 t.var_x.v.t : 1  [by t.var_x.v.f:=0]
	     10220 t.var_x.v.t : 0  [by t.e_60.out.f:=1]
	     10240 t.var_x.v.f : 1  [by t.var_x.v.t:=0]
	     10540 t.var_x.v.f : 0  [by t.e_62.out.t:=1]
	     10560 t.var_x.v.t : 1  [by t.var_x.v.f:=0]
	     10830 t.var_x.v.t : 0  [by t.e_64.out.f:=1]
	     10850 t.var_x.v.f : 1  [by t.var_x.v.t:=0]
	     11150 t.var_x.v.f : 0  [by t.e_66.out.t:=1]
	     11170 t.var_x.v.t : 1  [by t.var_x.v.f:=0]
	     11190 t.go.a : 1  [by t.s_128._goa:=0]
