	         0 Reset : 1
	         0 t.go.a : 0
	         0 t.go.r : 0
	         0 _Reset : 0
	        10 t.var_b.v.t : 0  [by Reset:=1]
	        10 t.var_w.v.t : 0  [by Reset:=1]
	        10 t.var_z.v.t : 0  [by Reset:=1]
	        10 t.var_x.v.t : 0  [by Reset:=1]
	        10 t.var_a.v.t : 0  [by Reset:=1]
	        10 t.var_c.v.t : 0  [by Reset:=1]
	        10 t.var_d.v.t : 0  [by Reset:=1]
	        10 t.var_y.v.t : 0  [by Reset:=1]
	        30 t.var_z.v.f : 1  [by t.c_19.a:=0]
	        30 t.var_w.v.f : 1  [by t.c_21.a:=0]
	        30 t.var_a.v.f : 1  [by t.var_a.v.t:=0]
	        30 t.var_c.v.f : 1  [by t.var_c.v.t:=0]
	        30 t.var_b.v.f : 1  [by t.c_10.a:=0]
	        30 t.var_d.v.f : 1  [by t.var_d.v.t:=0]
	        30 t.var_y.v.f : 1  [by t.var_y.v.t:=0]
	        50 t.var_x.v.f : 1  [by t.s_25.in.t:=0]
	        80 Reset : 0
	        80 _Reset : 1
	        80 t.go.r : 1
	       200 t.var_x.v.f : 0  [by t.s_1.in.t:=1]
	       220 t.var_x.v.t : 1  [by t.var_x.v.f:=0]
	       340 t.var_y.v.f : 0  [by t.s_4.in.t:=1]
	       360 t.var_y.v.t : 1  [by t.var_y.v.f:=0]
	       480 t.var_z.v.f : 0  [by t.s_7.in.t:=1]
	       500 t.var_z.v.t : 1  [by t.var_z.v.f:=0]
	       620 t.var_w.v.f : 0  [by t.e_8.out.t:=1]
	       640 t.var_w.v.t : 1  [by t.var_w.v.f:=0]
	       760 t.var_a.v.f : 0  [by t.s_13.in.t:=1]
	       780 t.var_a.v.t : 1  [by t.var_a.v.f:=0]
	       900 t.var_b.v.f : 0  [by t.s_16.in.t:=1]
	       920 t.var_b.v.t : 1  [by t.var_b.v.f:=0]
	      1040 t.var_c.v.f : 0  [by t.s_19.in.t:=1]
	      1060 t.var_c.v.t : 1  [by t.var_c.v.f:=0]
	      1180 t.var_d.v.f : 0  [by t.s_22.in.t:=1]
	      1200 t.var_d.v.t : 1  [by t.var_d.v.f:=0]
	      1990 t.var_x.v.t : 0  [by t.s_25.in.f:=1]
	      2010 t.var_x.v.f : 1  [by t.var_x.v.t:=0]
	      2100 t.var_y.v.t : 0  [by t.s_28.in.f:=1]
	      2120 t.var_y.v.f : 1  [by t.var_y.v.t:=0]
	      2210 t.var_z.v.t : 0  [by t.s_31.in.f:=1]
	      2230 t.var_z.v.f : 1  [by t.var_z.v.t:=0]
	      2320 t.var_w.v.t : 0  [by t.s_34.in.f:=1]
	      2340 t.var_w.v.f : 1  [by t.var_w.v.t:=0]
	      2430 t.var_a.v.t : 0  [by t.s_37.in.f:=1]
	      2450 t.var_a.v.f : 1  [by t.var_a.v.t:=0]
	      2540 t.var_b.v.t : 0  [by t.s_40.in.f:=1]
	      2560 t.var_b.v.f : 1  [by t.var_b.v.t:=0]
	      2650 t.var_c.v.t : 0  [by t.s_43.in.f:=1]
	      2670 t.var_c.v.f : 1  [by t.var_c.v.t:=0]
	      2760 t.var_d.v.t : 0  [by t.s_46.in.f:=1]
	      2780 t.var_d.v.f : 1  [by t.var_d.v.t:=0]
	      2800 t.go.a : 1  [by t.s_46._goa:=0]
