	         0 Reset : 1
	         0 t.go.a : 0
	         0 t.go.r : 0
	         0 _Reset : 0
	        10 t.var_x.v.t : 0  [by Reset:=1]
	        10 t.var_y.v.t : 0  [by Reset:=1]
	        10 t.var_z.v.t : 0  [by Reset:=1]
	        10 t.var_w.v.t : 0  [by Reset:=1]
	        30 t.var_y.v.f : 1  [by t.c_34.a:=0]
	        30 t.var_w.v.f : 1  [by t.var_w.v.t:=0]
	        30 t.var_z.v.f : 1  [by t.c_15.a:=0]
	        50 t.var_x.v.f : 1  [by t.s_65.in.t:=0]
	       150 Reset : 0
	       150 _Reset : 1
	       150 t.go.r : 1
	       350 t.var_x.v.f : 0  [by t.s_5.in.t:=1]
	       370 t.var_x.v.t : 1  [by t.var_x.v.f:=0]
	       490 t.var_y.v.f : 0  [by t.s_8.in.t:=1]
	       510 t.var_y.v.t : 1  [by t.var_y.v.f:=0]
	       630 t.var_z.v.f : 0  [by t.e_6.out.t:=1]
	       650 t.var_z.v.t : 1  [by t.var_z.v.f:=0]
	       770 t.var_w.v.f : 0  [by t.e_8.out.t:=1]
	       790 t.var_w.v.t : 1  [by t.var_w.v.f:=0]
	      1260 t.var_x.v.t : 0  [by t.s_17.in.f:=1]
	      1280 t.var_x.v.f : 1  [by t.var_x.v.t:=0]
	      1370 t.var_y.v.t : 0  [by t.s_20.in.f:=1]
	      1390 t.var_y.v.f : 1  [by t.var_y.v.t:=0]
	      1480 t.var_z.v.t : 0  [by t.s_23.in.f:=1]
	      1500 t.var_z.v.f : 1  [by t.var_z.v.t:=0]
	      1590 t.var_w.v.t : 0  [by t.s_26.in.f:=1]
	      1610 t.var_w.v.f : 1  [by t.var_w.v.t:=0]
	      2150 t.var_x.v.f : 0  [by t.s_29.in.t:=1]
	      2170 t.var_x.v.t : 1  [by t.var_x.v.f:=0]
	      2290 t.var_y.v.f : 0  [by t.s_32.in.t:=1]
	      2310 t.var_y.v.t : 1  [by t.var_y.v.f:=0]
	      2430 t.var_z.v.f : 0  [by t.s_35.in.t:=1]
	      2450 t.var_z.v.t : 1  [by t.var_z.v.f:=0]
	      2570 t.var_w.v.f : 0  [by t.s_38.in.t:=1]
	      2590 t.var_w.v.t : 1  [by t.var_w.v.f:=0]
	      3100 t.var_x.v.t : 0  [by t.s_41.in.f:=1]
	      3120 t.var_x.v.f : 1  [by t.var_x.v.t:=0]
	      3210 t.var_y.v.t : 0  [by t.s_44.in.f:=1]
	      3230 t.var_y.v.f : 1  [by t.var_y.v.t:=0]
	      3320 t.var_z.v.t : 0  [by t.s_47.in.f:=1]
	      3340 t.var_z.v.f : 1  [by t.var_z.v.t:=0]
	      3430 t.var_w.v.t : 0  [by t.s_50.in.f:=1]
	      3450 t.var_w.v.f : 1  [by t.var_w.v.t:=0]
	      3990 t.var_x.v.f : 0  [by t.s_53.in.t:=1]
	      4010 t.var_x.v.t : 1  [by t.var_x.v.f:=0]
	      4130 t.var_y.v.f : 0  [by t.s_56.in.t:=1]
	      4150 t.var_y.v.t : 1  [by t.var_y.v.f:=0]
	      4270 t.var_z.v.f : 0  [by t.s_59.in.t:=1]
	      4290 t.var_z.v.t : 1  [by t.var_z.v.f:=0]
	      4410 t.var_w.v.f : 0  [by t.s_62.in.t:=1]
	      4430 t.var_w.v.t : 1  [by t.var_w.v.f:=0]
	      4940 t.var_x.v.t : 0  [by t.s_65.in.f:=1]
	      4960 t.var_x.v.f : 1  [by t.var_x.v.t:=0]
	      5050 t.var_y.v.t : 0  [by t.s_68.in.f:=1]
	      5070 t.var_y.v.f : 1  [by t.var_y.v.t:=0]
	      5160 t.var_z.v.t : 0  [by t.s_71.in.f:=1]
	      5180 t.var_z.v.f : 1  [by t.var_z.v.t:=0]
	      5270 t.var_w.v.t : 0  [by t.s_74.in.f:=1]
	      5290 t.var_w.v.f : 1  [by t.var_w.v.t:=0]
	      5310 t.go.a : 1  [by t.s_74._goa:=0]
