	         0 Reset : 1
	         0 t.go.a : 0
	         0 t.go.r : 0
	         0 _Reset : 0
	        10 t.var_x.v.t : 0  [by Reset:=1]
	        50 t.var_x.v.f : 1  [by t.s_8.in.t:=0]
	       150 Reset : 0
	       150 _Reset : 1
	       150 t.go.r : 1
	       350 t.var_x.v.f : 0  [by t.s_5.in.t:=1]
	       370 t.var_x.v.t : 1  [by t.var_x.v.f:=0]
	       600 t.var_x.v.t : 0  [by t.s_8.in.f:=1]
	       620 t.var_x.v.f : 1  [by t.var_x.v.t:=0]
	       920 t.var_x.v.f : 0  [by t.e_6.out.t:=1]
	       940 t.var_x.v.t : 1  [by t.var_x.v.f:=0]
	      1210 t.var_x.v.t : 0  [by t.e_8.out.f:=1]
	      1230 t.var_x.v.f : 1  [by t.var_x.v.t:=0]
	      1530 t.var_x.v.f : 0  [by t.s_17.in.t:=1]
	      1550 t.var_x.v.t : 1  [by t.var_x.v.f:=0]
	      1820 t.var_x.v.t : 0  [by t.s_20.in.f:=1]
	      1840 t.var_x.v.f : 1  [by t.var_x.v.t:=0]
	      1860 t.go.a : 1  [by t.s_20._goa:=0]
