	         0 Reset : 1
	         0 t.go.a : 0
	         0 t.go.r : 0
	         0 _Reset : 0
	        10 t.var_w.v.t : 0  [by Reset:=1]
	        10 t.var_z.v.t : 0  [by Reset:=1]
	        10 t.var_x.v.t : 0  [by Reset:=1]
	        10 t.var_y.v.t : 0  [by Reset:=1]
	        30 t.var_z.v.f : 1  [by t.c_20.a:=0]
	        30 t.var_w.v.f : 1  [by t.c_29.a:=0]
	        50 t.var_y.v.f : 1  [by t.s_31.in.t:=0]
	        50 t.var_x.v.f : 1  [by t.s_4.in.t:=0]
	       130 Reset : 0
	       130 _Reset : 1
	       130 t.go.r : 1
	       310 t.var_x.v.f : 0  [by t.s_4.in.t:=1]
	       330 t.var_x.v.t : 1  [by t.var_x.v.f:=0]
	       590 t.var_y.v.f : 0  [by t.s_7.in.t:=1]
	       610 t.var_y.v.t : 1  [by t.var_y.v.f:=0]
	       730 t.var_z.v.f : 0  [by t.e_6.out.t:=1]
	       750 t.var_z.v.t : 1  [by t.var_z.v.f:=0]
	       870 t.var_w.v.f : 0  [by t.e_8.out.t:=1]
	       890 t.var_w.v.t : 1  [by t.var_w.v.f:=0]
	       980 t.var_x.v.t : 0  [by t.s_16.in.f:=1]
	      1000 t.var_x.v.f : 1  [by t.var_x.v.t:=0]
	      1510 t.var_y.v.t : 0  [by t.s_19.in.f:=1]
	      1530 t.var_y.v.f : 1  [by t.var_y.v.t:=0]
	      1620 t.var_z.v.t : 0  [by t.s_22.in.f:=1]
	      1640 t.var_z.v.f : 1  [by t.var_z.v.t:=0]
	      1730 t.var_w.v.t : 0  [by t.s_25.in.f:=1]
	      1750 t.var_w.v.f : 1  [by t.var_w.v.t:=0]
	      1870 t.var_x.v.f : 0  [by t.s_28.in.t:=1]
	      1890 t.var_x.v.t : 1  [by t.var_x.v.f:=0]
	      2430 t.var_y.v.f : 0  [by t.s_31.in.t:=1]
	      2450 t.var_y.v.t : 1  [by t.var_y.v.f:=0]
	      2570 t.var_z.v.f : 0  [by t.s_34.in.t:=1]
	      2590 t.var_z.v.t : 1  [by t.var_z.v.f:=0]
	      2710 t.var_w.v.f : 0  [by t.s_37.in.t:=1]
	      2730 t.var_w.v.t : 1  [by t.var_w.v.f:=0]
	      2820 t.var_x.v.t : 0  [by t.s_40.in.f:=1]
	      2840 t.var_x.v.f : 1  [by t.var_x.v.t:=0]
	      3350 t.var_y.v.t : 0  [by t.s_43.in.f:=1]
	      3370 t.var_y.v.f : 1  [by t.var_y.v.t:=0]
	      3460 t.var_z.v.t : 0  [by t.s_46.in.f:=1]
	      3480 t.var_z.v.f : 1  [by t.var_z.v.t:=0]
	      3570 t.var_w.v.t : 0  [by t.s_49.in.f:=1]
	      3590 t.var_w.v.f : 1  [by t.var_w.v.t:=0]
	      3610 t.go.a : 1  [by t.s_49._goa:=0]
