	         0 Reset : 1
	         0 t.go.a : 0
	         0 t.go.r : 0
	         0 _Reset : 0
	        10 t.var_x.v.t : 0  [by Reset:=1]
	        50 t.var_x.v.f : 1  [by t.s_9.in.t:=0]
	       110 Reset : 0
	       110 _Reset : 1
	       110 t.go.r : 1
	       270 t.var_x.v.f : 0  [by t.s_3.in.t:=1]
	       290 t.var_x.v.t : 1  [by t.var_x.v.f:=0]
	       520 t.var_x.v.t : 0  [by t.s_6.in.f:=1]
	       540 t.var_x.v.f : 1  [by t.var_x.v.t:=0]
	       840 t.var_x.v.f : 0  [by t.s_9.in.t:=1]
	       860 t.var_x.v.t : 1  [by t.var_x.v.f:=0]
	      1130 t.var_x.v.t : 0  [by t.e_8.out.f:=1]
	      1150 t.var_x.v.f : 1  [by t.var_x.v.t:=0]
	      1170 t.go.a : 1  [by t.s_12._goa:=0]
