	         0 Reset : 1
	         0 t.go.a : 0
	         0 t.go.r : 0
	         0 _Reset : 0
	        10 t.var_c.v.t : 0  [by Reset:=1]
	        10 t.var_z.v.t : 0  [by Reset:=1]
	        10 t.var_d.v.t : 0  [by Reset:=1]
	        10 t.var_y.v.t : 0  [by Reset:=1]
	        10 t.var_b.v.t : 0  [by Reset:=1]
	        10 t.var_w.v.t : 0  [by Reset:=1]
	        10 t.var_a.v.t : 0  [by Reset:=1]
	        10 t.var_x.v.t : 0  [by Reset:=1]
	        30 t.var_y.v.f : 1  [by t.c_5.a:=0]
	        30 t.var_z.v.f : 1  [by t.c_22.a:=0]
	        30 t.var_d.v.f : 1  [by t.c_61.a:=0]
	        30 t.var_a.v.f : 1  [by t.var_a.v.t:=0]
	        30 t.var_w.v.f : 1  [by t.c_54.a:=0]
	        50 t.var_b.v.f : 1  [by t.s_91.in.t:=0]
	        50 t.var_c.v.f : 1  [by t.s_70.in.t:=0]
	        50 t.var_x.v.f : 1  [by t.s_4.in.t:=0]
	       130 Reset : 0
	       130 _Reset : 1
	       130 t.go.r : 1
	       310 t.var_x.v.f : 0  [by t.s_4.in.t:=1]
	       330 t.var_x.v.t : 1  [by t.var_x.v.f:=0]
	       450 t.var_y.v.f : 0  [by t.s_7.in.t:=1]
	       470 t.var_y.v.t : 1  [by t.var_y.v.f:=0]
	       590 t.var_z.v.f : 0  [by t.e_6.out.t:=1]
	       610 t.var_z.v.t : 1  [by t.var_z.v.f:=0]
	       730 t.var_w.v.f : 0  [by t.e_8.out.t:=1]
	       750 t.var_w.v.t : 1  [by t.var_w.v.f:=0]
	       870 t.var_a.v.f : 0  [by t.s_16.in.t:=1]
	       890 t.var_a.v.t : 1  [by t.var_a.v.f:=0]
	      1010 t.var_b.v.f : 0  [by t.s_19.in.t:=1]
	      1030 t.var_b.v.t : 1  [by t.var_b.v.f:=0]
	      1150 t.var_c.v.f : 0  [by t.s_22.in.t:=1]
	      1170 t.var_c.v.t : 1  [by t.var_c.v.f:=0]
	      1290 t.var_d.v.f : 0  [by t.s_25.in.t:=1]
	      1310 t.var_d.v.t : 1  [by t.var_d.v.f:=0]
	      2100 t.var_x.v.t : 0  [by t.s_28.in.f:=1]
	      2120 t.var_x.v.f : 1  [by t.var_x.v.t:=0]
	      2210 t.var_y.v.t : 0  [by t.s_31.in.f:=1]
	      2230 t.var_y.v.f : 1  [by t.var_y.v.t:=0]
	      2320 t.var_z.v.t : 0  [by t.s_34.in.f:=1]
	      2340 t.var_z.v.f : 1  [by t.var_z.v.t:=0]
	      2430 t.var_w.v.t : 0  [by t.s_37.in.f:=1]
	      2450 t.var_w.v.f : 1  [by t.var_w.v.t:=0]
	      2540 t.var_a.v.t : 0  [by t.s_40.in.f:=1]
	      2560 t.var_a.v.f : 1  [by t.var_a.v.t:=0]
	      2650 t.var_b.v.t : 0  [by t.s_43.in.f:=1]
	      2670 t.var_b.v.f : 1  [by t.var_b.v.t:=0]
	      2760 t.var_c.v.t : 0  [by t.s_46.in.f:=1]
	      2780 t.var_c.v.f : 1  [by t.var_c.v.t:=0]
	      2870 t.var_d.v.t : 0  [by t.s_49.in.f:=1]
	      2890 t.var_d.v.f : 1  [by t.var_d.v.t:=0]
	      3750 t.var_x.v.f : 0  [by t.s_52.in.t:=1]
	      3770 t.var_x.v.t : 1  [by t.var_x.v.f:=0]
	      3890 t.var_y.v.f : 0  [by t.s_55.in.t:=1]
	      3910 t.var_y.v.t : 1  [by t.var_y.v.f:=0]
	      4030 t.var_z.v.f : 0  [by t.s_58.in.t:=1]
	      4050 t.var_z.v.t : 1  [by t.var_z.v.f:=0]
	      4170 t.var_w.v.f : 0  [by t.s_61.in.t:=1]
	      4190 t.var_w.v.t : 1  [by t.var_w.v.f:=0]
	      4310 t.var_a.v.f : 0  [by t.s_64.in.t:=1]
	      4330 t.var_a.v.t : 1  [by t.var_a.v.f:=0]
	      4450 t.var_b.v.f : 0  [by t.s_67.in.t:=1]
	      4470 t.var_b.v.t : 1  [by t.var_b.v.f:=0]
	      5170 t.var_c.v.f : 0  [by t.s_70.in.t:=1]
	      5190 t.var_c.v.t : 1  [by t.var_c.v.f:=0]
	      5310 t.var_d.v.f : 0  [by t.s_73.in.t:=1]
	      5330 t.var_d.v.t : 1  [by t.var_d.v.f:=0]
	      5420 t.var_x.v.t : 0  [by t.s_76.in.f:=1]
	      5440 t.var_x.v.f : 1  [by t.var_x.v.t:=0]
	      5530 t.var_y.v.t : 0  [by t.s_79.in.f:=1]
	      5550 t.var_y.v.f : 1  [by t.var_y.v.t:=0]
	      5640 t.var_z.v.t : 0  [by t.s_82.in.f:=1]
	      5660 t.var_z.v.f : 1  [by t.var_z.v.t:=0]
	      5750 t.var_w.v.t : 0  [by t.s_85.in.f:=1]
	      5770 t.var_w.v.f : 1  [by t.var_w.v.t:=0]
	      5860 t.var_a.v.t : 0  [by t.s_88.in.f:=1]
	      5880 t.var_a.v.f : 1  [by t.var_a.v.t:=0]
	      6630 t.var_b.v.t : 0  [by t.s_91.in.f:=1]
	      6650 t.var_b.v.f : 1  [by t.var_b.v.t:=0]
	      6740 t.var_c.v.t : 0  [by t.s_94.in.f:=1]
	      6760 t.var_c.v.f : 1  [by t.var_c.v.t:=0]
	      6850 t.var_d.v.t : 0  [by t.s_97.in.f:=1]
	      6870 t.var_d.v.f : 1  [by t.var_d.v.t:=0]
	      6890 t.go.a : 1  [by t.s_97._goa:=0]
