	         0 Reset : 1
	         0 t.go.r : 0
	         0 _Reset : 0
	        10 t.var_x[23].v.t : 0  [by Reset:=1]
	        10 t.var_x[22].v.t : 0  [by Reset:=1]
	        10 t.var_x[21].v.t : 0  [by Reset:=1]
	        10 t.var_x[20].v.t : 0  [by Reset:=1]
	        10 t.var_x[19].v.t : 0  [by Reset:=1]
	        10 t.var_x[18].v.t : 0  [by Reset:=1]
	        10 t.var_x[17].v.t : 0  [by Reset:=1]
	        10 t.var_x[16].v.t : 0  [by Reset:=1]
	        10 t.var_x[15].v.t : 0  [by Reset:=1]
	        10 t.var_x[14].v.t : 0  [by Reset:=1]
	        10 t.var_x[13].v.t : 0  [by Reset:=1]
	        10 t.var_x[12].v.t : 0  [by Reset:=1]
	        10 t.var_x[11].v.t : 0  [by Reset:=1]
	        10 t.var_y[31].v.t : 0  [by Reset:=1]
	        10 t.var_y[30].v.t : 0  [by Reset:=1]
	        10 t.var_x[10].v.t : 0  [by Reset:=1]
	        10 t.var_y[29].v.t : 0  [by Reset:=1]
	        10 t.var_y[28].v.t : 0  [by Reset:=1]
	        10 t.var_x[9].v.t : 0  [by Reset:=1]
	        10 t.var_y[27].v.t : 0  [by Reset:=1]
	        10 t.var_y[26].v.t : 0  [by Reset:=1]
	        10 t.var_x[8].v.t : 0  [by Reset:=1]
	        10 t.var_y[25].v.t : 0  [by Reset:=1]
	        10 t.var_y[24].v.t : 0  [by Reset:=1]
	        10 t.var_x[7].v.t : 0  [by Reset:=1]
	        10 t.var_y[23].v.t : 0  [by Reset:=1]
	        10 t.var_y[22].v.t : 0  [by Reset:=1]
	        10 t.var_x[6].v.t : 0  [by Reset:=1]
	        10 t.var_y[21].v.t : 0  [by Reset:=1]
	        10 t.var_y[20].v.t : 0  [by Reset:=1]
	        10 t.var_x[5].v.t : 0  [by Reset:=1]
	        10 t.var_y[19].v.t : 0  [by Reset:=1]
	        10 t.var_y[18].v.t : 0  [by Reset:=1]
	        10 t.var_x[4].v.t : 0  [by Reset:=1]
	        10 t.var_y[17].v.t : 0  [by Reset:=1]
	        10 t.var_y[16].v.t : 0  [by Reset:=1]
	        10 t.var_x[3].v.t : 0  [by Reset:=1]
	        10 t.var_y[15].v.t : 0  [by Reset:=1]
	        10 t.var_y[14].v.t : 0  [by Reset:=1]
	        10 t.var_x[2].v.t : 0  [by Reset:=1]
	        10 t.var_y[13].v.t : 0  [by Reset:=1]
	        10 t.var_y[12].v.t : 0  [by Reset:=1]
	        10 t.var_x[1].v.t : 0  [by Reset:=1]
	        10 t.var_y[11].v.t : 0  [by Reset:=1]
	        10 t.var_y[10].v.t : 0  [by Reset:=1]
	        10 t.var_x[0].v.t : 0  [by Reset:=1]
	        10 t.var_y[9].v.t : 0  [by Reset:=1]
	        10 t.var_y[8].v.t : 0  [by Reset:=1]
	        10 t.var_y[7].v.t : 0  [by Reset:=1]
	        10 t.var_y[6].v.t : 0  [by Reset:=1]
	        10 t.var_y[5].v.t : 0  [by Reset:=1]
	        10 t.var_y[4].v.t : 0  [by Reset:=1]
	        10 t.var_y[3].v.t : 0  [by Reset:=1]
	        10 t.var_y[2].v.t : 0  [by Reset:=1]
	        10 t.var_y[1].v.t : 0  [by Reset:=1]
	        10 t.var_y[0].v.t : 0  [by Reset:=1]
	        10 t.var_x[31].v.t : 0  [by Reset:=1]
	        10 t.var_x[30].v.t : 0  [by Reset:=1]
	        10 t.var_x[29].v.t : 0  [by Reset:=1]
	        10 t.var_x[28].v.t : 0  [by Reset:=1]
	        10 t.var_x[27].v.t : 0  [by Reset:=1]
	        10 t.var_x[26].v.t : 0  [by Reset:=1]
	        10 t.var_x[25].v.t : 0  [by Reset:=1]
	        10 t.var_x[24].v.t : 0  [by Reset:=1]
	        30 t.var_x[24].v.f : 1  [by t.var_x[24].v.t:=0]
	        30 t.var_x[25].v.f : 1  [by t.var_x[25].v.t:=0]
	        30 t.var_x[23].v.f : 1  [by t.var_x[23].v.t:=0]
	        30 t.var_x[22].v.f : 1  [by t.var_x[22].v.t:=0]
	        30 t.var_x[21].v.f : 1  [by t.var_x[21].v.t:=0]
	        30 t.var_x[20].v.f : 1  [by t.var_x[20].v.t:=0]
	        30 t.var_x[19].v.f : 1  [by t.var_x[19].v.t:=0]
	        30 t.var_x[18].v.f : 1  [by t.var_x[18].v.t:=0]
	        30 t.var_x[17].v.f : 1  [by t.var_x[17].v.t:=0]
	        30 t.var_x[16].v.f : 1  [by t.var_x[16].v.t:=0]
	        30 t.var_x[15].v.f : 1  [by t.var_x[15].v.t:=0]
	        30 t.var_x[14].v.f : 1  [by t.var_x[14].v.t:=0]
	        30 t.var_x[13].v.f : 1  [by t.var_x[13].v.t:=0]
	        30 t.var_x[12].v.f : 1  [by t.var_x[12].v.t:=0]
	        30 t.var_x[11].v.f : 1  [by t.var_x[11].v.t:=0]
	        30 t.var_x[10].v.f : 1  [by t.var_x[10].v.t:=0]
	        30 t.var_x[9].v.f : 1  [by t.var_x[9].v.t:=0]
	        30 t.var_x[8].v.f : 1  [by t.var_x[8].v.t:=0]
	        30 t.var_x[7].v.f : 1  [by t.var_x[7].v.t:=0]
	        30 t.var_x[6].v.f : 1  [by t.var_x[6].v.t:=0]
	        30 t.var_x[5].v.f : 1  [by t.var_x[5].v.t:=0]
	        30 t.var_x[4].v.f : 1  [by t.var_x[4].v.t:=0]
	        30 t.var_x[3].v.f : 1  [by t.var_x[3].v.t:=0]
	        30 t.var_x[2].v.f : 1  [by t.var_x[2].v.t:=0]
	        30 t.var_x[1].v.f : 1  [by t.var_x[1].v.t:=0]
	        30 t.var_x[31].v.f : 1  [by t.var_x[31].v.t:=0]
	        30 t.var_x[0].v.f : 1  [by t.var_x[0].v.t:=0]
	        30 t.var_x[30].v.f : 1  [by t.var_x[30].v.t:=0]
	        30 t.var_x[27].v.f : 1  [by t.var_x[27].v.t:=0]
	        30 t.var_x[28].v.f : 1  [by t.var_x[28].v.t:=0]
	        30 t.var_x[29].v.f : 1  [by t.var_x[29].v.t:=0]
	        30 t.var_x[26].v.f : 1  [by t.var_x[26].v.t:=0]
	        50 t.var_y[18].v.f : 1  [by t.s_5[18].in.t:=0]
	        50 t.var_y[27].v.f : 1  [by t.s_5[27].in.t:=0]
	        50 t.var_y[14].v.f : 1  [by t.s_5[14].in.t:=0]
	        50 t.var_y[16].v.f : 1  [by t.s_5[16].in.t:=0]
	        50 t.var_y[10].v.f : 1  [by t.s_5[10].in.t:=0]
	        50 t.var_y[4].v.f : 1  [by t.s_5[4].in.t:=0]
	        50 t.var_y[3].v.f : 1  [by t.s_5[3].in.t:=0]
	        50 t.var_y[6].v.f : 1  [by t.s_5[6].in.t:=0]
	        50 t.var_y[1].v.f : 1  [by t.s_5[1].in.t:=0]
	        50 t.var_y[31].v.f : 1  [by t.s_5[31].in.t:=0]
	        50 t.var_y[21].v.f : 1  [by t.s_5[21].in.t:=0]
	        50 t.var_y[28].v.f : 1  [by t.s_5[28].in.t:=0]
	        50 t.var_y[11].v.f : 1  [by t.s_5[11].in.t:=0]
	        50 t.var_y[25].v.f : 1  [by t.s_5[25].in.t:=0]
	        50 t.var_y[5].v.f : 1  [by t.s_5[5].in.t:=0]
	        50 t.var_y[26].v.f : 1  [by t.s_5[26].in.t:=0]
	        50 t.var_y[24].v.f : 1  [by t.s_5[24].in.t:=0]
	        50 t.var_y[29].v.f : 1  [by t.s_5[29].in.t:=0]
	        50 t.var_y[22].v.f : 1  [by t.s_5[22].in.t:=0]
	        50 t.var_y[12].v.f : 1  [by t.s_5[12].in.t:=0]
	        50 t.var_y[7].v.f : 1  [by t.s_5[7].in.t:=0]
	        50 t.var_y[8].v.f : 1  [by t.s_5[8].in.t:=0]
	        50 t.var_y[2].v.f : 1  [by t.s_5[2].in.t:=0]
	        50 t.var_y[23].v.f : 1  [by t.s_5[23].in.t:=0]
	        50 t.var_y[19].v.f : 1  [by t.s_5[19].in.t:=0]
	        50 t.var_y[17].v.f : 1  [by t.s_5[17].in.t:=0]
	        50 t.var_y[13].v.f : 1  [by t.s_5[13].in.t:=0]
	        50 t.var_y[15].v.f : 1  [by t.s_5[15].in.t:=0]
	        50 t.var_y[0].v.f : 1  [by t.s_5[0].in.t:=0]
	        50 t.var_y[30].v.f : 1  [by t.s_5[30].in.t:=0]
	        50 t.var_y[9].v.f : 1  [by t.s_5[9].in.t:=0]
	        50 t.var_y[20].v.f : 1  [by t.s_5[20].in.t:=0]
	        90 t.go.a : 0  [by t.s_4._c:=1]
	       100 Reset : 0
	       100 _Reset : 1
	       100 t.go.r : 1
	       260 t.var_x[0].v.f : 0  [by t.s_0[0].in.t:=1]
	       260 t.var_x[20].v.f : 0  [by t.s_0[20].in.t:=1]
	       260 t.var_x[16].v.f : 0  [by t.s_0[16].in.t:=1]
	       260 t.var_x[2].v.f : 0  [by t.s_0[2].in.t:=1]
	       260 t.var_x[17].v.f : 0  [by t.s_0[17].in.t:=1]
	       260 t.var_x[1].v.f : 0  [by t.s_0[1].in.t:=1]
	       260 t.var_x[18].v.f : 0  [by t.s_0[18].in.t:=1]
	       260 t.var_x[6].v.f : 0  [by t.s_0[6].in.t:=1]
	       260 t.var_x[4].v.f : 0  [by t.s_0[4].in.t:=1]
	       260 t.var_x[13].v.f : 0  [by t.s_0[13].in.t:=1]
	       260 t.var_x[24].v.f : 0  [by t.s_0[24].in.t:=1]
	       260 t.var_x[11].v.f : 0  [by t.s_0[11].in.t:=1]
	       260 t.var_x[9].v.f : 0  [by t.s_0[9].in.t:=1]
	       260 t.var_x[27].v.f : 0  [by t.s_0[27].in.t:=1]
	       260 t.var_x[22].v.f : 0  [by t.s_0[22].in.t:=1]
	       280 t.var_x[6].v.t : 1  [by t.var_x[6].v.f:=0]
	       280 t.var_x[18].v.t : 1  [by t.var_x[18].v.f:=0]
	       280 t.var_x[9].v.t : 1  [by t.var_x[9].v.f:=0]
	       280 t.var_x[16].v.t : 1  [by t.var_x[16].v.f:=0]
	       280 t.var_x[2].v.t : 1  [by t.var_x[2].v.f:=0]
	       280 t.var_x[20].v.t : 1  [by t.var_x[20].v.f:=0]
	       280 t.var_x[0].v.t : 1  [by t.var_x[0].v.f:=0]
	       280 t.var_x[27].v.t : 1  [by t.var_x[27].v.f:=0]
	       280 t.var_x[17].v.t : 1  [by t.var_x[17].v.f:=0]
	       280 t.var_x[13].v.t : 1  [by t.var_x[13].v.f:=0]
	       280 t.var_x[1].v.t : 1  [by t.var_x[1].v.f:=0]
	       280 t.var_x[24].v.t : 1  [by t.var_x[24].v.f:=0]
	       280 t.var_x[4].v.t : 1  [by t.var_x[4].v.f:=0]
	       280 t.var_x[11].v.t : 1  [by t.var_x[11].v.f:=0]
	       280 t.var_x[22].v.t : 1  [by t.var_x[22].v.f:=0]
	       520 t.var_y[0].v.f : 0  [by t.s_5[0].in.t:=1]
	       520 t.var_y[20].v.f : 0  [by t.s_5[20].in.t:=1]
	       520 t.var_y[16].v.f : 0  [by t.s_5[16].in.t:=1]
	       520 t.var_y[2].v.f : 0  [by t.s_5[2].in.t:=1]
	       520 t.var_y[17].v.f : 0  [by t.s_5[17].in.t:=1]
	       520 t.var_y[1].v.f : 0  [by t.s_5[1].in.t:=1]
	       520 t.var_y[18].v.f : 0  [by t.s_5[18].in.t:=1]
	       520 t.var_y[6].v.f : 0  [by t.s_5[6].in.t:=1]
	       520 t.var_y[4].v.f : 0  [by t.s_5[4].in.t:=1]
	       520 t.var_y[13].v.f : 0  [by t.s_5[13].in.t:=1]
	       520 t.var_y[24].v.f : 0  [by t.s_5[24].in.t:=1]
	       520 t.var_y[11].v.f : 0  [by t.s_5[11].in.t:=1]
	       520 t.var_y[9].v.f : 0  [by t.s_5[9].in.t:=1]
	       520 t.var_y[27].v.f : 0  [by t.s_5[27].in.t:=1]
	       520 t.var_y[22].v.f : 0  [by t.s_5[22].in.t:=1]
	       540 t.var_y[6].v.t : 1  [by t.var_y[6].v.f:=0]
	       540 t.var_y[18].v.t : 1  [by t.var_y[18].v.f:=0]
	       540 t.var_y[9].v.t : 1  [by t.var_y[9].v.f:=0]
	       540 t.var_y[16].v.t : 1  [by t.var_y[16].v.f:=0]
	       540 t.var_y[2].v.t : 1  [by t.var_y[2].v.f:=0]
	       540 t.var_y[20].v.t : 1  [by t.var_y[20].v.f:=0]
	       540 t.var_y[0].v.t : 1  [by t.var_y[0].v.f:=0]
	       540 t.var_y[27].v.t : 1  [by t.var_y[27].v.f:=0]
	       540 t.var_y[17].v.t : 1  [by t.var_y[17].v.f:=0]
	       540 t.var_y[13].v.t : 1  [by t.var_y[13].v.f:=0]
	       540 t.var_y[1].v.t : 1  [by t.var_y[1].v.f:=0]
	       540 t.var_y[24].v.t : 1  [by t.var_y[24].v.f:=0]
	       540 t.var_y[4].v.t : 1  [by t.var_y[4].v.f:=0]
	       540 t.var_y[11].v.t : 1  [by t.var_y[11].v.f:=0]
	       540 t.var_y[22].v.t : 1  [by t.var_y[22].v.f:=0]
	       640 t.go.a : 1  [by t.s_4._c:=0]
